build_android	Compile C++ Kernels & Package Production Release APK	﻿2026-06-01T16:21:11.6661857Z ##[group]Run cd NhaiApp/android
build_android	Compile C++ Kernels & Package Production Release APK	2026-06-01T16:21:11.6662189Z ^[[36;1mcd NhaiApp/android^[[0m
build_android	Compile C++ Kernels & Package Production Release APK	2026-06-01T16:21:11.6662442Z ^[[36;1mchmod +x gradlew^[[0m
build_android	Compile C++ Kernels & Package Production Release APK	2026-06-01T16:21:11.6662794Z ^[[36;1m# Switched to assembleRelease for complete optimization and stripping^[[0m
build_android	Compile C++ Kernels & Package Production Release APK	2026-06-01T16:21:11.6663349Z ^[[36;1m./gradlew assembleRelease -PreactNativeArchitectures=arm64-v8a --no-daemon^[[0m
build_android	Compile C++ Kernels & Package Production Release APK	2026-06-01T16:21:11.6690085Z shell: /usr/bin/bash -e {0}
build_android	Compile C++ Kernels & Package Production Release APK	2026-06-01T16:21:11.6690356Z env:
build_android	Compile C++ Kernels & Package Production Release APK	2026-06-01T16:21:11.6690632Z   JAVA_HOME: /opt/hostedtoolcache/Java_Zulu_jdk/17.0.19-10/x64
build_android	Compile C++ Kernels & Package Production Release APK	2026-06-01T16:21:11.6691069Z   JAVA_HOME_17_X64: /opt/hostedtoolcache/Java_Zulu_jdk/17.0.19-10/x64
build_android	Compile C++ Kernels & Package Production Release APK	2026-06-01T16:21:11.6691413Z ##[endgroup]
build_android	Compile C++ Kernels & Package Production Release APK	2026-06-01T16:21:11.7554302Z Downloading https://services.gradle.org/distributions/gradle-8.13-all.zip
build_android	Compile C++ Kernels & Package Production Release APK	2026-06-01T16:21:13.7407411Z ......................10%......................20%......................30%......................40%......................50%......................60%......................70%.......................80%......................90%......................100%
build_android	Compile C++ Kernels & Package Production Release APK	2026-06-01T16:21:17.1738670Z 
build_android	Compile C++ Kernels & Package Production Release APK	2026-06-01T16:21:17.1739789Z Welcome to Gradle 8.13!
build_android	Compile C++ Kernels & Package Production Release APK	2026-06-01T16:21:17.1740492Z 
build_android	Compile C++ Kernels & Package Production Release APK	2026-06-01T16:21:17.1741352Z Here are the highlights of this release:
build_android	Compile C++ Kernels & Package Production Release APK	2026-06-01T16:21:17.1742253Z  - Daemon JVM auto-provisioning
build_android	Compile C++ Kernels & Package Production Release APK	2026-06-01T16:21:17.1743696Z  - Enhancements for Scala plugin and JUnit testing
build_android	Compile C++ Kernels & Package Production Release APK	2026-06-01T16:21:17.1745446Z  - Improvements for build authors and plugin developers
build_android	Compile C++ Kernels & Package Production Release APK	2026-06-01T16:21:17.1746456Z 
build_android	Compile C++ Kernels & Package Production Release APK	2026-06-01T16:21:17.1748072Z For more details see https://docs.gradle.org/8.13/release-notes.html
build_android	Compile C++ Kernels & Package Production Release APK	2026-06-01T16:21:17.1748793Z 
build_android	Compile C++ Kernels & Package Production Release APK	2026-06-01T16:21:17.2742983Z To honour the JVM settings for this build a single-use Daemon process will be forked. For more on this, please refer to https://docs.gradle.org/8.13/userguide/gradle_daemon.html#sec:disabling_the_daemon in the Gradle documentation.
build_android	Compile C++ Kernels & Package Production Release APK	2026-06-01T16:21:18.2733213Z Daemon will be stopped at the end of the build 
build_android	Compile C++ Kernels & Package Production Release APK	2026-06-01T16:21:58.5757824Z > Task :gradle-plugin:settings-plugin:checkKotlinGradlePluginConfigurationErrors SKIPPED
build_android	Compile C++ Kernels & Package Production Release APK	2026-06-01T16:21:58.5759611Z > Task :gradle-plugin:shared:checkKotlinGradlePluginConfigurationErrors SKIPPED
build_android	Compile C++ Kernels & Package Production Release APK	2026-06-01T16:22:03.2756748Z > Task :gradle-plugin:shared:processResources NO-SOURCE
build_android	Compile C++ Kernels & Package Production Release APK	2026-06-01T16:22:03.2757771Z > Task :gradle-plugin:settings-plugin:pluginDescriptors
build_android	Compile C++ Kernels & Package Production Release APK	2026-06-01T16:22:03.3728181Z > Task :gradle-plugin:settings-plugin:processResources
build_android	Compile C++ Kernels & Package Production Release APK	2026-06-01T16:22:08.9727744Z > Task :gradle-plugin:shared:compileKotlin
build_android	Compile C++ Kernels & Package Production Release APK	2026-06-01T16:22:08.9780134Z > Task :gradle-plugin:shared:compileJava NO-SOURCE
build_android	Compile C++ Kernels & Package Production Release APK	2026-06-01T16:22:08.9781130Z > Task :gradle-plugin:shared:classes UP-TO-DATE
build_android	Compile C++ Kernels & Package Production Release APK	2026-06-01T16:22:08.9782235Z > Task :gradle-plugin:shared:jar
build_android	Compile C++ Kernels & Package Production Release APK	2026-06-01T16:22:15.7727738Z > Task :gradle-plugin:settings-plugin:compileKotlin
build_android	Compile C++ Kernels & Package Production Release APK	2026-06-01T16:22:15.7769232Z > Task :gradle-plugin:settings-plugin:compileJava NO-SOURCE
build_android	Compile C++ Kernels & Package Production Release APK	2026-06-01T16:22:15.7770091Z > Task :gradle-plugin:settings-plugin:classes
build_android	Compile C++ Kernels & Package Production Release APK	2026-06-01T16:22:15.8736780Z > Task :gradle-plugin:settings-plugin:jar
build_android	Compile C++ Kernels & Package Production Release APK	2026-06-01T16:22:24.3735598Z > Task :gradle-plugin:react-native-gradle-plugin:checkKotlinGradlePluginConfigurationErrors SKIPPED
build_android	Compile C++ Kernels & Package Production Release APK	2026-06-01T16:22:27.0728894Z > Task :gradle-plugin:react-native-gradle-plugin:pluginDescriptors
build_android	Compile C++ Kernels & Package Production Release APK	2026-06-01T16:22:27.1757604Z > Task :gradle-plugin:react-native-gradle-plugin:processResources
build_android	Compile C++ Kernels & Package Production Release APK	2026-06-01T16:22:33.4745663Z > Task :gradle-plugin:react-native-gradle-plugin:compileKotlin
build_android	Compile C++ Kernels & Package Production Release APK	2026-06-01T16:22:33.4757653Z > Task :gradle-plugin:react-native-gradle-plugin:compileJava NO-SOURCE
build_android	Compile C++ Kernels & Package Production Release APK	2026-06-01T16:22:33.4776894Z > Task :gradle-plugin:react-native-gradle-plugin:classes
build_android	Compile C++ Kernels & Package Production Release APK	2026-06-01T16:22:33.5727404Z > Task :gradle-plugin:react-native-gradle-plugin:jar
build_android	Compile C++ Kernels & Package Production Release APK	2026-06-01T16:22:47.6734743Z 
build_android	Compile C++ Kernels & Package Production Release APK	2026-06-01T16:22:47.6767112Z > Configure project :app
build_android	Compile C++ Kernels & Package Production Release APK	2026-06-01T16:22:47.6768595Z Checking the license for package NDK (Side by side) 27.1.12297006 in /usr/local/lib/android/sdk/licenses
build_android	Compile C++ Kernels & Package Production Release APK	2026-06-01T16:22:47.6769918Z License for package NDK (Side by side) 27.1.12297006 accepted.
build_android	Compile C++ Kernels & Package Production Release APK	2026-06-01T16:22:47.6770993Z Preparing "Install NDK (Side by side) 27.1.12297006 v.27.1.12297006".
build_android	Compile C++ Kernels & Package Production Release APK	2026-06-01T16:23:04.6730398Z "Install NDK (Side by side) 27.1.12297006 v.27.1.12297006" ready.
build_android	Compile C++ Kernels & Package Production Release APK	2026-06-01T16:23:04.6757731Z Installing NDK (Side by side) 27.1.12297006 in /usr/local/lib/android/sdk/ndk/27.1.12297006
build_android	Compile C++ Kernels & Package Production Release APK	2026-06-01T16:23:04.6778732Z "Install NDK (Side by side) 27.1.12297006 v.27.1.12297006" complete.
build_android	Compile C++ Kernels & Package Production Release APK	2026-06-01T16:23:04.7737658Z "Install NDK (Side by side) 27.1.12297006 v.27.1.12297006" finished.
build_android	Compile C++ Kernels & Package Production Release APK	2026-06-01T16:23:12.3756657Z 
build_android	Compile C++ Kernels & Package Production Release APK	2026-06-01T16:23:12.3757796Z > Configure project :react-native-nitro-image
build_android	Compile C++ Kernels & Package Production Release APK	2026-06-01T16:23:12.3793129Z [NitroModules] 🔥 NitroImage is boosted by nitro!
build_android	Compile C++ Kernels & Package Production Release APK	2026-06-01T16:23:22.9736776Z 
build_android	Compile C++ Kernels & Package Production Release APK	2026-06-01T16:23:22.9757349Z > Configure project :react-native-nitro-modules
build_android	Compile C++ Kernels & Package Production Release APK	2026-06-01T16:23:22.9784038Z [NitroModules] 🔥 Your app is boosted by nitro modules!
build_android	Compile C++ Kernels & Package Production Release APK	2026-06-01T16:23:37.7726623Z 
build_android	Compile C++ Kernels & Package Production Release APK	2026-06-01T16:23:37.7748988Z > Configure project :react-native-vision-camera
build_android	Compile C++ Kernels & Package Production Release APK	2026-06-01T16:23:37.7797828Z [NitroModules] 🔥 VisionCamera is boosted by nitro!
build_android	Compile C++ Kernels & Package Production Release APK	2026-06-01T16:23:48.5726361Z 
build_android	Compile C++ Kernels & Package Production Release APK	2026-06-01T16:23:48.5729680Z > Task :app:generateAutolinkingNewArchitectureFiles
build_android	Compile C++ Kernels & Package Production Release APK	2026-06-01T16:23:48.5730569Z > Task :app:generateAutolinkingPackageList
build_android	Compile C++ Kernels & Package Production Release APK	2026-06-01T16:23:48.5731459Z > Task :app:generateCodegenSchemaFromJavaScript SKIPPED
build_android	Compile C++ Kernels & Package Production Release APK	2026-06-01T16:23:48.5732341Z > Task :app:generateCodegenArtifactsFromSchema SKIPPED
build_android	Compile C++ Kernels & Package Production Release APK	2026-06-01T16:23:48.6727081Z > Task :app:generateReactNativeEntryPoint
build_android	Compile C++ Kernels & Package Production Release APK	2026-06-01T16:23:48.7726775Z 
build_android	Compile C++ Kernels & Package Production Release APK	2026-06-01T16:23:48.7727862Z > Task :react-native-nitro-image:generateCodegenSchemaFromJavaScript
build_android	Compile C++ Kernels & Package Production Release APK	2026-06-01T16:23:48.7730439Z No modules to process in combine-js-to-schema-cli. If this is unexpected, please check if you set up your NativeComponent correctly. See combine-js-to-schema.js for how codegen finds modules.
build_android	Compile C++ Kernels & Package Production Release APK	2026-06-01T16:23:48.9726784Z 
build_android	Compile C++ Kernels & Package Production Release APK	2026-06-01T16:23:48.9728240Z > Task :react-native-nitro-image:generateCodegenArtifactsFromSchema
build_android	Compile C++ Kernels & Package Production Release APK	2026-06-01T16:23:48.9729294Z > Task :react-native-nitro-image:prepareHeaders
build_android	Compile C++ Kernels & Package Production Release APK	2026-06-01T16:23:48.9730702Z > Task :react-native-nitro-image:preBuild
build_android	Compile C++ Kernels & Package Production Release APK	2026-06-01T16:23:49.0731590Z > Task :react-native-nitro-modules:generateCodegenSchemaFromJavaScript
build_android	Compile C++ Kernels & Package Production Release APK	2026-06-01T16:23:49.2735693Z > Task :react-native-nitro-modules:generateCodegenArtifactsFromSchema
build_android	Compile C++ Kernels & Package Production Release APK	2026-06-01T16:23:49.3729106Z > Task :react-native-nitro-modules:prepareHeaders
build_android	Compile C++ Kernels & Package Production Release APK	2026-06-01T16:23:49.3730015Z > Task :react-native-nitro-modules:preBuild
build_android	Compile C++ Kernels & Package Production Release APK	2026-06-01T16:23:49.4727611Z > Task :react-native-safe-area-context:generateCodegenSchemaFromJavaScript
build_android	Compile C++ Kernels & Package Production Release APK	2026-06-01T16:23:49.6728252Z > Task :react-native-safe-area-context:generateCodegenArtifactsFromSchema
build_android	Compile C++ Kernels & Package Production Release APK	2026-06-01T16:23:49.6728993Z > Task :react-native-safe-area-context:preBuild
build_android	Compile C++ Kernels & Package Production Release APK	2026-06-01T16:23:49.8726700Z 
build_android	Compile C++ Kernels & Package Production Release APK	2026-06-01T16:23:49.8727912Z > Task :react-native-vision-camera:generateCodegenSchemaFromJavaScript
build_android	Compile C++ Kernels & Package Production Release APK	2026-06-01T16:23:49.8730151Z No modules to process in combine-js-to-schema-cli. If this is unexpected, please check if you set up your NativeComponent correctly. See combine-js-to-schema.js for how codegen finds modules.
build_android	Compile C++ Kernels & Package Production Release APK	2026-06-01T16:23:49.9726260Z 
build_android	Compile C++ Kernels & Package Production Release APK	2026-06-01T16:23:49.9732657Z > Task :react-native-vision-camera:generateCodegenArtifactsFromSchema
build_android	Compile C++ Kernels & Package Production Release APK	2026-06-01T16:23:50.1727821Z > Task :react-native-vision-camera:prepareHeaders
build_android	Compile C++ Kernels & Package Production Release APK	2026-06-01T16:23:50.1728839Z > Task :react-native-vision-camera:preBuild
build_android	Compile C++ Kernels & Package Production Release APK	2026-06-01T16:23:50.1729335Z > Task :app:preBuild
build_android	Compile C++ Kernels & Package Production Release APK	2026-06-01T16:23:50.1733105Z > Task :app:preReleaseBuild
build_android	Compile C++ Kernels & Package Production Release APK	2026-06-01T16:23:50.1733783Z > Task :react-native-nitro-image:preReleaseBuild
build_android	Compile C++ Kernels & Package Production Release APK	2026-06-01T16:23:50.1734577Z > Task :react-native-nitro-modules:preReleaseBuild
build_android	Compile C++ Kernels & Package Production Release APK	2026-06-01T16:23:52.1729131Z 
build_android	Compile C++ Kernels & Package Production Release APK	2026-06-01T16:23:52.1730450Z > Task :react-native-nitro-modules:configureCMakeRelWithDebInfo[arm64-v8a]
build_android	Compile C++ Kernels & Package Production Release APK	2026-06-01T16:23:52.1731977Z Checking the license for package CMake 3.22.1 in /usr/local/lib/android/sdk/licenses
build_android	Compile C++ Kernels & Package Production Release APK	2026-06-01T16:23:52.1733295Z License for package CMake 3.22.1 accepted.
build_android	Compile C++ Kernels & Package Production Release APK	2026-06-01T16:23:52.1734181Z Preparing "Install CMake 3.22.1 v.3.22.1".
build_android	Compile C++ Kernels & Package Production Release APK	2026-06-01T16:23:52.1734588Z "Install CMake 3.22.1 v.3.22.1" ready.
build_android	Compile C++ Kernels & Package Production Release APK	2026-06-01T16:23:52.1735326Z Installing CMake 3.22.1 in /usr/local/lib/android/sdk/cmake/3.22.1
build_android	Compile C++ Kernels & Package Production Release APK	2026-06-01T16:23:52.1735765Z "Install CMake 3.22.1 v.3.22.1" complete.
build_android	Compile C++ Kernels & Package Production Release APK	2026-06-01T16:23:52.1736437Z "Install CMake 3.22.1 v.3.22.1" finished.
build_android	Compile C++ Kernels & Package Production Release APK	2026-06-01T16:24:25.0726061Z 
build_android	Compile C++ Kernels & Package Production Release APK	2026-06-01T16:24:25.0727669Z > Task :react-native-nitro-modules:buildCMakeRelWithDebInfo[arm64-v8a]
build_android	Compile C++ Kernels & Package Production Release APK	2026-06-01T16:24:25.3731842Z > Task :react-native-nitro-modules:externalNativeBuildRelease
build_android	Compile C++ Kernels & Package Production Release APK	2026-06-01T16:24:25.3733269Z > Task :react-native-nitro-modules:generateJsonModelRelease
build_android	Compile C++ Kernels & Package Production Release APK	2026-06-01T16:24:25.3734373Z > Task :react-native-nitro-modules:prefabReleaseConfigurePackage
build_android	Compile C++ Kernels & Package Production Release APK	2026-06-01T16:24:25.9759497Z > Task :react-native-nitro-image:configureCMakeRelWithDebInfo[arm64-v8a]
build_android	Compile C++ Kernels & Package Production Release APK	2026-06-01T16:24:25.9947594Z > Task :react-native-nitro-modules:prefabReleasePackage
build_android	Compile C++ Kernels & Package Production Release APK	2026-06-01T16:24:47.7736828Z 
build_android	Compile C++ Kernels & Package Production Release APK	2026-06-01T16:24:47.7777401Z > Task :react-native-nitro-image:buildCMakeRelWithDebInfo[arm64-v8a]
build_android	Compile C++ Kernels & Package Production Release APK	2026-06-01T16:24:47.7798083Z C/C++: ninja: Entering directory `/home/runner/work/nhai-vedic-engine/nhai-vedic-engine/NhaiApp/node_modules/react-native-nitro-image/android/.cxx/RelWithDebInfo/1j4a523a/arm64-v8a'
build_android	Compile C++ Kernels & Package Production Release APK	2026-06-01T16:24:47.7838905Z C/C++: /home/runner/work/nhai-vedic-engine/nhai-vedic-engine/NhaiApp/node_modules/react-native-nitro-image/nitrogen/generated/shared/c++/views/HybridNitroImageViewComponent.cpp:82:35: warning: 'RawPropsParser' is deprecated [-Wdeprecated-declarations]
build_android	Compile C++ Kernels & Package Production Release APK	2026-06-01T16:24:47.7841756Z C/C++:    82 |                                   react::RawPropsParser(/* enableJsiParser */ true)) {}
build_android	Compile C++ Kernels & Package Production Release APK	2026-06-01T16:24:47.7866920Z C/C++:       |                                   ^
build_android	Compile C++ Kernels & Package Production Release APK	2026-06-01T16:24:47.7888549Z C/C++: /home/runner/.gradle/caches/8.13/transforms/48854317aa4af219cf0511a9433eb57c/transformed/react-android-0.85.3-release/prefab/modules/reactnative/include/react/renderer/core/RawPropsParser.h:31:5: note: 'RawPropsParser' has been explicitly marked deprecated here
build_android	Compile C++ Kernels & Package Production Release APK	2026-06-01T16:24:47.7927388Z C/C++:    31 |   [[deprecated]] explicit RawPropsParser(bool /* ignored */) : RawPropsParser() {}
build_android	Compile C++ Kernels & Package Production Release APK	2026-06-01T16:24:47.7929234Z C/C++:       |     ^
build_android	Compile C++ Kernels & Package Production Release APK	2026-06-01T16:24:47.7956916Z C/C++: 1 warning generated.
build_android	Compile C++ Kernels & Package Production Release APK	2026-06-01T16:24:53.6737028Z 
build_android	Compile C++ Kernels & Package Production Release APK	2026-06-01T16:24:53.6761874Z > Task :react-native-nitro-modules:mergeReleaseJniLibFolders
build_android	Compile C++ Kernels & Package Production Release APK	2026-06-01T16:24:53.6763211Z > Task :react-native-nitro-image:generateJsonModelRelease
build_android	Compile C++ Kernels & Package Production Release APK	2026-06-01T16:24:53.6764134Z > Task :react-native-nitro-image:mergeReleaseJniLibFolders
build_android	Compile C++ Kernels & Package Production Release APK	2026-06-01T16:24:53.6764901Z > Task :react-native-vision-camera:preReleaseBuild
build_android	Compile C++ Kernels & Package Production Release APK	2026-06-01T16:24:53.6765581Z > Task :app:mergeReleaseJniLibFolders
build_android	Compile C++ Kernels & Package Production Release APK	2026-06-01T16:24:53.6766509Z > Task :react-native-safe-area-context:preReleaseBuild
build_android	Compile C++ Kernels & Package Production Release APK	2026-06-01T16:24:53.6767003Z > Task :react-native-nitro-modules:mergeReleaseNativeLibs
build_android	Compile C++ Kernels & Package Production Release APK	2026-06-01T16:24:53.6767505Z > Task :react-native-safe-area-context:mergeReleaseJniLibFolders
build_android	Compile C++ Kernels & Package Production Release APK	2026-06-01T16:24:53.6768065Z > Task :react-native-safe-area-context:mergeReleaseNativeLibs NO-SOURCE
build_android	Compile C++ Kernels & Package Production Release APK	2026-06-01T16:24:53.6768633Z > Task :react-native-safe-area-context:copyReleaseJniLibsProjectOnly
build_android	Compile C++ Kernels & Package Production Release APK	2026-06-01T16:24:53.7727579Z > Task :react-native-vision-camera:mergeReleaseJniLibFolders
build_android	Compile C++ Kernels & Package Production Release APK	2026-06-01T16:24:53.7728864Z > Task :react-native-nitro-image:checkKotlinGradlePluginConfigurationErrors SKIPPED
build_android	Compile C++ Kernels & Package Production Release APK	2026-06-01T16:24:53.7729812Z > Task :react-native-nitro-modules:copyReleaseJniLibsProjectOnly
build_android	Compile C++ Kernels & Package Production Release APK	2026-06-01T16:24:53.7730856Z > Task :react-native-nitro-image:generateReleaseBuildConfig
build_android	Compile C++ Kernels & Package Production Release APK	2026-06-01T16:24:53.7731692Z > Task :react-native-nitro-image:mergeReleaseNativeLibs
build_android	Compile C++ Kernels & Package Production Release APK	2026-06-01T16:24:54.0727693Z > Task :react-native-nitro-image:externalNativeBuildRelease
build_android	Compile C++ Kernels & Package Production Release APK	2026-06-01T16:24:54.0729102Z > Task :react-native-nitro-image:prefabReleaseConfigurePackage
build_android	Compile C++ Kernels & Package Production Release APK	2026-06-01T16:24:54.1739344Z > Task :react-native-nitro-image:prefabReleasePackage
build_android	Compile C++ Kernels & Package Production Release APK	2026-06-01T16:24:54.1741949Z > Task :react-native-nitro-image:copyReleaseJniLibsProjectOnly
build_android	Compile C++ Kernels & Package Production Release APK	2026-06-01T16:24:55.0768184Z > Task :react-native-vision-camera:configureCMakeRelWithDebInfo[arm64-v8a]
build_android	Compile C++ Kernels & Package Production Release APK	2026-06-01T16:24:57.9746629Z 
build_android	Compile C++ Kernels & Package Production Release APK	2026-06-01T16:24:57.9807749Z > Task :react-native-vision-camera:buildCMakeRelWithDebInfo[arm64-v8a]
build_android	Compile C++ Kernels & Package Production Release APK	2026-06-01T16:24:57.9838830Z C/C++: ninja: Entering directory `/home/runner/work/nhai-vedic-engine/nhai-vedic-engine/NhaiApp/node_modules/react-native-vision-camera/android/.cxx/RelWithDebInfo/1q2x1x20/arm64-v8a'
build_android	Compile C++ Kernels & Package Production Release APK	2026-06-01T16:24:57.9909000Z C/C++: /home/runner/work/nhai-vedic-engine/nhai-vedic-engine/NhaiApp/node_modules/react-native-vision-camera/android/src/main/cpp/NativeBufferHelper.cpp:14:110: warning: unused parameter 'hardwareBufferBoxed' [-Wunused-parameter]
build_android	Compile C++ Kernels & Package Production Release APK	2026-06-01T16:24:57.9927941Z C/C++:    14 | jlong NativeBufferHelper::getHardwareBufferPointer(jni::alias_ref<jni::JClass>, jni::alias_ref<jni::JObject> hardwareBufferBoxed) {
build_android	Compile C++ Kernels & Package Production Release APK	2026-06-01T16:24:57.9929544Z C/C++:       |                                                                                                              ^
build_android	Compile C++ Kernels & Package Production Release APK	2026-06-01T16:24:57.9931941Z C/C++: /home/runner/work/nhai-vedic-engine/nhai-vedic-engine/NhaiApp/node_modules/react-native-vision-camera/android/src/main/cpp/NativeBufferHelper.cpp:25:90: warning: unused parameter 'hardwareBufferPointer' [-Wunused-parameter]
build_android	Compile C++ Kernels & Package Production Release APK	2026-06-01T16:24:57.9934612Z C/C++:    25 | void NativeBufferHelper::releaseHardwareBufferPointer(jni::alias_ref<jni::JClass>, jlong hardwareBufferPointer) {
build_android	Compile C++ Kernels & Package Production Release APK	2026-06-01T16:24:57.9936319Z C/C++:       |                                                                                          ^
build_android	Compile C++ Kernels & Package Production Release APK	2026-06-01T16:24:57.9937016Z C/C++: 2 warnings generated.
build_android	Compile C++ Kernels & Package Production Release APK	2026-06-01T16:25:09.2748637Z C/C++: /home/runner/work/nhai-vedic-engine/nhai-vedic-engine/NhaiApp/node_modules/react-native-vision-camera/nitrogen/generated/shared/c++/HybridZoomGestureControllerSpec.cpp:17:41: warning: unused parameter 'prototype' [-Wunused-parameter]
build_android	Compile C++ Kernels & Package Production Release APK	2026-06-01T16:25:09.2757426Z C/C++:    17 |     registerHybrids(this, [](Prototype& prototype) {
build_android	Compile C++ Kernels & Package Production Release APK	2026-06-01T16:25:09.2797328Z C/C++:       |                                         ^
build_android	Compile C++ Kernels & Package Production Release APK	2026-06-01T16:25:09.2826416Z C/C++: 1 warning generated.
build_android	Compile C++ Kernels & Package Production Release APK	2026-06-01T16:25:09.3729771Z C/C++: /home/runner/work/nhai-vedic-engine/nhai-vedic-engine/NhaiApp/node_modules/react-native-vision-camera/nitrogen/generated/shared/c++/HybridTapToFocusGestureControllerSpec.cpp:17:41: warning: unused parameter 'prototype' [-Wunused-parameter]
build_android	Compile C++ Kernels & Package Production Release APK	2026-06-01T16:25:09.3747196Z C/C++:    17 |     registerHybrids(this, [](Prototype& prototype) {
build_android	Compile C++ Kernels & Package Production Release APK	2026-06-01T16:25:09.3777109Z C/C++:       |                                         ^
build_android	Compile C++ Kernels & Package Production Release APK	2026-06-01T16:25:09.3786846Z C/C++: 1 warning generated.
build_android	Compile C++ Kernels & Package Production Release APK	2026-06-01T16:25:40.8728810Z C/C++: /home/runner/work/nhai-vedic-engine/nhai-vedic-engine/NhaiApp/node_modules/react-native-vision-camera/nitrogen/generated/shared/c++/HybridCameraPreviewOutputSpec.cpp:17:41: warning: unused parameter 'prototype' [-Wunused-parameter]
build_android	Compile C++ Kernels & Package Production Release APK	2026-06-01T16:25:40.8747259Z C/C++:    17 |     registerHybrids(this, [](Prototype& prototype) {
build_android	Compile C++ Kernels & Package Production Release APK	2026-06-01T16:25:40.8777201Z C/C++:       |                                         ^
build_android	Compile C++ Kernels & Package Production Release APK	2026-06-01T16:25:40.8806871Z C/C++: 1 warning generated.
build_android	Compile C++ Kernels & Package Production Release APK	2026-06-01T16:26:00.9730434Z C/C++: /home/runner/work/nhai-vedic-engine/nhai-vedic-engine/NhaiApp/node_modules/react-native-vision-camera/nitrogen/generated/shared/c++/views/HybridFrameRendererViewComponent.cpp:60:35: warning: 'RawPropsParser' is deprecated [-Wdeprecated-declarations]
build_android	Compile C++ Kernels & Package Production Release APK	2026-06-01T16:26:00.9777193Z C/C++:    60 |                                   react::RawPropsParser(/* enableJsiParser */ true)) {}
build_android	Compile C++ Kernels & Package Production Release APK	2026-06-01T16:26:00.9806915Z C/C++:       |                                   ^
build_android	Compile C++ Kernels & Package Production Release APK	2026-06-01T16:26:00.9819159Z C/C++: /home/runner/.gradle/caches/8.13/transforms/48854317aa4af219cf0511a9433eb57c/transformed/react-android-0.85.3-release/prefab/modules/reactnative/include/react/renderer/core/RawPropsParser.h:31:5: note: 'RawPropsParser' has been explicitly marked deprecated here
build_android	Compile C++ Kernels & Package Production Release APK	2026-06-01T16:26:00.9822196Z C/C++:    31 |   [[deprecated]] explicit RawPropsParser(bool /* ignored */) : RawPropsParser() {}
build_android	Compile C++ Kernels & Package Production Release APK	2026-06-01T16:26:00.9856692Z C/C++:       |     ^
build_android	Compile C++ Kernels & Package Production Release APK	2026-06-01T16:26:00.9886716Z C/C++: 1 warning generated.
build_android	Compile C++ Kernels & Package Production Release APK	2026-06-01T16:26:02.9730067Z C/C++: /home/runner/work/nhai-vedic-engine/nhai-vedic-engine/NhaiApp/node_modules/react-native-vision-camera/nitrogen/generated/shared/c++/views/HybridPreviewViewComponent.cpp:115:35: warning: 'RawPropsParser' is deprecated [-Wdeprecated-declarations]
build_android	Compile C++ Kernels & Package Production Release APK	2026-06-01T16:26:02.9747291Z C/C++:   115 |                                   react::RawPropsParser(/* enableJsiParser */ true)) {}
build_android	Compile C++ Kernels & Package Production Release APK	2026-06-01T16:26:02.9776773Z C/C++:       |                                   ^
build_android	Compile C++ Kernels & Package Production Release APK	2026-06-01T16:26:02.9808629Z C/C++: /home/runner/.gradle/caches/8.13/transforms/48854317aa4af219cf0511a9433eb57c/transformed/react-android-0.85.3-release/prefab/modules/reactnative/include/react/renderer/core/RawPropsParser.h:31:5: note: 'RawPropsParser' has been explicitly marked deprecated here
build_android	Compile C++ Kernels & Package Production Release APK	2026-06-01T16:26:02.9817262Z C/C++:    31 |   [[deprecated]] explicit RawPropsParser(bool /* ignored */) : RawPropsParser() {}
build_android	Compile C++ Kernels & Package Production Release APK	2026-06-01T16:26:02.9836596Z C/C++:       |     ^
build_android	Compile C++ Kernels & Package Production Release APK	2026-06-01T16:26:02.9855259Z C/C++: 1 warning generated.
build_android	Compile C++ Kernels & Package Production Release APK	2026-06-01T16:26:53.2726971Z 
build_android	Compile C++ Kernels & Package Production Release APK	2026-06-01T16:26:53.2737602Z > Task :react-native-vision-camera:externalNativeBuildRelease
build_android	Compile C++ Kernels & Package Production Release APK	2026-06-01T16:26:53.2767439Z > Task :react-native-vision-camera:generateJsonModelRelease
build_android	Compile C++ Kernels & Package Production Release APK	2026-06-01T16:26:53.2797524Z > Task :react-native-vision-camera:prefabReleaseConfigurePackage
build_android	Compile C++ Kernels & Package Production Release APK	2026-06-01T16:26:58.3727445Z > Task :app:configureCMakeRelWithDebInfo[arm64-v8a]
build_android	Compile C++ Kernels & Package Production Release APK	2026-06-01T16:26:58.5787920Z > Task :react-native-vision-camera:prefabReleasePackage
build_android	Compile C++ Kernels & Package Production Release APK	2026-06-01T16:27:21.9726953Z 
build_android	Compile C++ Kernels & Package Production Release APK	2026-06-01T16:27:21.9797831Z > Task :app:buildCMakeRelWithDebInfo[arm64-v8a] FAILED
build_android	Compile C++ Kernels & Package Production Release APK	2026-06-01T16:27:21.9827808Z C/C++: ninja: Entering directory `/home/runner/work/nhai-vedic-engine/nhai-vedic-engine/NhaiApp/android/app/.cxx/RelWithDebInfo/6u4f5j43/arm64-v8a'
build_android	Compile C++ Kernels & Package Production Release APK	2026-06-01T16:27:21.9949773Z C/C++: : && /usr/local/lib/android/sdk/ndk/27.1.12297006/toolchains/llvm/prebuilt/linux-x86_64/bin/clang++ --target=aarch64-none-linux-android24 --sysroot=/usr/local/lib/android/sdk/ndk/27.1.12297006/toolchains/llvm/prebuilt/linux-x86_64/sysroot -fPIC -g -DANDROID -fdata-sections -ffunction-sections -funwind-tables -fstack-protector-strong -no-canonical-prefixes -D__BIONIC_NO_PAGE_SIZE_MACRO -D_FORTIFY_SOURCE=2 -Wformat -Werror=format-security   -O3 -Os -fvisibility=hidden -Wno-deprecated-anon-enum-enum-conversion -Wno-error=deprecated-anon-enum-enum-conversion -O2 -g -DNDEBUG  -Wl,-z,max-page-size=16384 -Wl,--build-id=sha1 -Wl,--no-rosegment -Wl,--no-undefined-version -Wl,--fatal-warnings -Wl,--no-undefined -Qunused-arguments  -Wl,--strip-all -Wl,--gc-sections -shared -Wl,-soname,libappmodules.so -o /home/runner/work/nhai-vedic-engine/nhai-vedic-engine/NhaiApp/android/app/build/intermediates/cxx/RelWithDebInfo/6u4f5j43/obj/arm64-v8a/libappmodules.so NitroModulesSpec_autolinked_build/CMakeFiles/react_codegen_NitroModulesSpec.dir/NitroModulesSpec-generated.cpp.o NitroModulesSpec_autolinked_build/CMakeFiles/react_codegen_NitroModulesSpec.dir/react/renderer/components/NitroModulesSpec/ComponentDescriptors.cpp.o NitroModulesSpec_autolinked_build/CMakeFiles/react_codegen_NitroModulesSpec.dir/react/renderer/components/NitroModulesSpec/EventEmitters.cpp.o NitroModulesSpec_autolinked_build/CMakeFiles/react_codegen_NitroModulesSpec.dir/react/renderer/components/NitroModulesSpec/Props.cpp.o NitroModulesSpec_autolinked_build/CMakeFiles/react_codegen_NitroModulesSpec.dir/react/renderer/components/NitroModulesSpec/ShadowNodes.cpp.o NitroModulesSpec_autolinked_build/CMakeFiles/react_codegen_NitroModulesSpec.dir/react/renderer/components/NitroModulesSpec/States.cpp.o CMakeFiles/appmodules.dir/home/runner/work/nhai-vedic-engine/nhai-vedic-engine/NhaiApp/android/app/build/generated/autolinking/src/main/jni/autolinking.cpp.o CMakeFiles/appmodules.dir/home/runner/work/nhai-vedic-engine/nhai-vedic-engine/NhaiApp/node_modules/react-native/ReactAndroid/cmake-utils/default-app-setup/OnLoad.cpp.o CMakeFiles/appmodules.dir/src/jni_bridge.cpp.o CMakeFiles/appmodules.dir/src/face_vision.cpp.o CMakeFiles/appmodules.dir/src/liveness_check.cpp.o CMakeFiles/appmodules.dir/src/anurupyena_quant.cpp.o CMakeFiles/appmodules.dir/src/nikhilam_distance.cpp.o CMakeFiles/appmodules.dir/src/urdhva_multiplication.cpp.o  /home/runner/work/nhai-vedic-engine/nhai-vedic-engine/NhaiApp/android/app/build/intermediates/cxx/RelWithDebInfo/6u4f5j43/obj/arm64-v8a/libreact_codegen_safeareacontext.so  /home/runner/work/nhai-vedic-engine/nhai-vedic-engine/NhaiApp/android/app/src/main/cpp/opencv/sdk/native/staticlibs/arm64-v8a/libopencv_core.a  /home/runner/work/nhai-vedic-engine/nhai-vedic-engine/NhaiApp/android/app/src/main/cpp/opencv/sdk/native/staticlibs/arm64-v8a/libopencv_imgproc.a  /home/runner/work/nhai-vedic-engine/nhai-vedic-engine/NhaiApp/android/app/src/main/cpp/opencv/sdk/native/staticlibs/arm64-v8a/libopencv_objdetect.a  /home/runner/work/nhai-vedic-engine/nhai-vedic-engine/NhaiApp/android/app/src/main/cpp/opencv/sdk/native/staticlibs/arm64-v8a/libopencv_imgcodecs.a  -llog  /home/runner/.gradle/caches/8.13/transforms/1c50bd473f95dfa25c59ea4ee2aadfa5/transformed/fbjni-0.7.0/prefab/modules/fbjni/libs/android.arm64-v8a/libfbjni.so  /home/runner/.gradle/caches/8.13/transforms/48854317aa4af219cf0511a9433eb57c/transformed/react-android-0.85.3-release/prefab/modules/jsi/libs/android.arm64-v8a/libjsi.so  /home/runner/.gradle/caches/8.13/transforms/48854317aa4af219cf0511a9433eb57c/transformed/react-android-0.85.3-release/prefab/modules/reactnative/libs/android.arm64-v8a/libreactnative.so  /home/runner/work/nhai-vedic-engine/nhai-vedic-engine/NhaiApp/android/app/src/main/cpp/opencv/sdk/native/staticlibs/arm64-v8a/libopencv_dnn.a  /home/runner/work/nhai-vedic-engine/nhai-vedic-engine/NhaiApp/android/app/src/main/cpp/opencv/sdk/native/3rdparty/libs/arm64-v8a/liblibprotobuf.a  -landroid  -llog  /home/runner/work/nhai-vedic-engine/nhai-vedic-engine/NhaiApp/android/app/src/main/cpp/opencv/sdk/native/staticlibs/arm64-v8a/libopencv_calib3d.a  /home/runner/work/nhai-vedic-engine/nhai-vedic-engine/NhaiApp/android/app/src/main/cpp/opencv/sdk/native/staticlibs/arm64-v8a/libopencv_features2d.a  /home/runner/work/nhai-vedic-engine/nhai-vedic-engine/NhaiApp/android/app/src/main/cpp/opencv/sdk/native/staticlibs/arm64-v8a/libopencv_flann.a  /home/runner/work/nhai-vedic-engine/nhai-vedic-engine/NhaiApp/android/app/src/main/cpp/opencv/sdk/native/staticlibs/arm64-v8a/libopencv_imgproc.a  /home/runner/work/nhai-vedic-engine/nhai-vedic-engine/NhaiApp/android/app/src/main/cpp/opencv/sdk/native/staticlibs/arm64-v8a/libopencv_core.a  /home/runner/work/nhai-vedic-engine/nhai-vedic-engine/NhaiApp/android/app/src/main/cpp/opencv/sdk/native/3rdparty/libs/arm64-v8a/libtbb.a  -lc  /home/runner/work/nhai-vedic-engine/nhai-vedic-engine/NhaiApp/android/app/src/main/cpp/opencv/sdk/native/3rdparty/libs/arm64-v8a/libittnotify.a  -llog  -ldl  /home/runner/work/nhai-vedic-engine/nhai-vedic-engine/NhaiApp/android/app/src/main/cpp/opencv/sdk/native/3rdparty/libs/arm64-v8a/libtegra_hal.a  /home/runner/work/nhai-vedic-engine/nhai-vedic-engine/NhaiApp/android/app/src/main/cpp/opencv/sdk/native/3rdparty/libs/arm64-v8a/liblibjpeg-turbo.a  /home/runner/work/nhai-vedic-engine/nhai-vedic-engine/NhaiApp/android/app/src/main/cpp/opencv/sdk/native/3rdparty/libs/arm64-v8a/liblibwebp.a  /home/runner/work/nhai-vedic-engine/nhai-vedic-engine/NhaiApp/android/app/src/main/cpp/opencv/sdk/native/3rdparty/libs/arm64-v8a/libcpufeatures.a  /home/runner/work/nhai-vedic-engine/nhai-vedic-engine/NhaiApp/android/app/src/main/cpp/opencv/sdk/native/3rdparty/libs/arm64-v8a/liblibpng.a  /home/runner/work/nhai-vedic-engine/nhai-vedic-engine/NhaiApp/android/app/src/main/cpp/opencv/sdk/native/3rdparty/libs/arm64-v8a/liblibtiff.a  /home/runner/work/nhai-vedic-engine/nhai-vedic-engine/NhaiApp/android/app/src/main/cpp/opencv/sdk/native/3rdparty/libs/arm64-v8a/liblibopenjp2.a  -lm  -pthread  /home/runner/work/nhai-vedic-engine/nhai-vedic-engine/NhaiApp/android/app/src/main/cpp/opencv/sdk/native/3rdparty/libs/arm64-v8a/libIlmImf.a  -lz  -latomic -lm && :
build_android	Compile C++ Kernels & Package Production Release APK	2026-06-01T16:27:21.9992900Z C/C++: ld.lld: error: undefined symbol: VTT for facebook::react::RNCSafeAreaProviderProps
build_android	Compile C++ Kernels & Package Production Release APK	2026-06-01T16:27:21.9995280Z C/C++: >>> referenced by Props.h:31 (/home/runner/.gradle/caches/8.13/transforms/48854317aa4af219cf0511a9433eb57c/transformed/react-android-0.85.3-release/prefab/modules/reactnative/include/react/renderer/core/Props.h:31)
build_android	Compile C++ Kernels & Package Production Release APK	2026-06-01T16:27:21.9999653Z C/C++: >>>               CMakeFiles/appmodules.dir/home/runner/work/nhai-vedic-engine/nhai-vedic-engine/NhaiApp/android/app/build/generated/autolinking/src/main/jni/autolinking.cpp.o:(void facebook::react::RawPropsParser::prepare<facebook::react::RNCSafeAreaProviderProps>())
build_android	Compile C++ Kernels & Package Production Release APK	2026-06-01T16:27:22.0003267Z C/C++: >>> referenced by Props.h:31 (/home/runner/.gradle/caches/8.13/transforms/48854317aa4af219cf0511a9433eb57c/transformed/react-android-0.85.3-release/prefab/modules/reactnative/include/react/renderer/core/Props.h:31)
build_android	Compile C++ Kernels & Package Production Release APK	2026-06-01T16:27:22.0007246Z C/C++: >>>               CMakeFiles/appmodules.dir/home/runner/work/nhai-vedic-engine/nhai-vedic-engine/NhaiApp/android/app/build/generated/autolinking/src/main/jni/autolinking.cpp.o:(void facebook::react::RawPropsParser::prepare<facebook::react::RNCSafeAreaProviderProps>())
build_android	Compile C++ Kernels & Package Production Release APK	2026-06-01T16:27:22.0011118Z C/C++: >>> referenced by HostPlatformViewProps.h:25 (/home/runner/.gradle/caches/8.13/transforms/48854317aa4af219cf0511a9433eb57c/transformed/react-android-0.85.3-release/prefab/modules/reactnative/include/react/renderer/components/view/HostPlatformViewProps.h:25)
build_android	Compile C++ Kernels & Package Production Release APK	2026-06-01T16:27:22.0017435Z C/C++: >>>               CMakeFiles/appmodules.dir/home/runner/work/nhai-vedic-engine/nhai-vedic-engine/NhaiApp/android/app/build/generated/autolinking/src/main/jni/autolinking.cpp.o:(std::__ndk1::shared_ptr<facebook::react::RNCSafeAreaProviderProps const> std::__ndk1::allocate_shared[abi:ne180000]<facebook::react::RNCSafeAreaProviderProps const, std::__ndk1::allocator<facebook::react::RNCSafeAreaProviderProps const>, void>(std::__ndk1::allocator<facebook::react::RNCSafeAreaProviderProps const> const&))
build_android	Compile C++ Kernels & Package Production Release APK	2026-06-01T16:27:22.0020803Z C/C++: >>> referenced 5 more times
build_android	Compile C++ Kernels & Package Production Release APK	2026-06-01T16:27:22.0021764Z C/C++: ld.lld: error: undefined symbol: vtable for facebook::react::RNCSafeAreaProviderProps
build_android	Compile C++ Kernels & Package Production Release APK	2026-06-01T16:27:22.0027997Z C/C++: >>> referenced by Props.h:21 (/home/runner/work/nhai-vedic-engine/nhai-vedic-engine/NhaiApp/node_modules/react-native-safe-area-context/android/src/main/jni/../../../build/generated/source/codegen/jni/react/renderer/components/safeareacontext/Props.h:21)
build_android	Compile C++ Kernels & Package Production Release APK	2026-06-01T16:27:22.0031901Z C/C++: >>>               CMakeFiles/appmodules.dir/home/runner/work/nhai-vedic-engine/nhai-vedic-engine/NhaiApp/android/app/build/generated/autolinking/src/main/jni/autolinking.cpp.o:(void facebook::react::RawPropsParser::prepare<facebook::react::RNCSafeAreaProviderProps>())
build_android	Compile C++ Kernels & Package Production Release APK	2026-06-01T16:27:22.0035675Z C/C++: >>> referenced by Props.h:21 (/home/runner/work/nhai-vedic-engine/nhai-vedic-engine/NhaiApp/node_modules/react-native-safe-area-context/android/src/main/jni/../../../build/generated/source/codegen/jni/react/renderer/components/safeareacontext/Props.h:21)
build_android	Compile C++ Kernels & Package Production Release APK	2026-06-01T16:27:22.0039733Z C/C++: >>>               CMakeFiles/appmodules.dir/home/runner/work/nhai-vedic-engine/nhai-vedic-engine/NhaiApp/android/app/build/generated/autolinking/src/main/jni/autolinking.cpp.o:(void facebook::react::RawPropsParser::prepare<facebook::react::RNCSafeAreaProviderProps>())
build_android	Compile C++ Kernels & Package Production Release APK	2026-06-01T16:27:22.0043405Z C/C++: >>> referenced by Props.h:21 (/home/runner/work/nhai-vedic-engine/nhai-vedic-engine/NhaiApp/node_modules/react-native-safe-area-context/android/src/main/jni/../../../build/generated/source/codegen/jni/react/renderer/components/safeareacontext/Props.h:21)
build_android	Compile C++ Kernels & Package Production Release APK	2026-06-01T16:27:22.0053106Z C/C++: >>>               CMakeFiles/appmodules.dir/home/runner/work/nhai-vedic-engine/nhai-vedic-engine/NhaiApp/android/app/build/generated/autolinking/src/main/jni/autolinking.cpp.o:(std::__ndk1::shared_ptr<facebook::react::RNCSafeAreaProviderProps const> std::__ndk1::allocate_shared[abi:ne180000]<facebook::react::RNCSafeAreaProviderProps const, std::__ndk1::allocator<facebook::react::RNCSafeAreaProviderProps const>, void>(std::__ndk1::allocator<facebook::react::RNCSafeAreaProviderProps const> const&))
build_android	Compile C++ Kernels & Package Production Release APK	2026-06-01T16:27:22.0057920Z C/C++: >>> referenced 1 more times
build_android	Compile C++ Kernels & Package Production Release APK	2026-06-01T16:27:22.0059154Z C/C++: >>> the vtable symbol may be undefined because the class is missing its key function (see https://lld.llvm.org/missingkeyfunction)
build_android	Compile C++ Kernels & Package Production Release APK	2026-06-01T16:27:22.0061879Z C/C++: ld.lld: error: undefined symbol: facebook::react::RNCSafeAreaProviderProps::RNCSafeAreaProviderProps(facebook::react::PropsParserContext const&, facebook::react::RNCSafeAreaProviderProps const&, facebook::react::RawProps const&)
build_android	Compile C++ Kernels & Package Production Release APK	2026-06-01T16:27:22.0065283Z C/C++: >>> referenced by RawPropsParser.h:50 (/home/runner/.gradle/caches/8.13/transforms/48854317aa4af219cf0511a9433eb57c/transformed/react-android-0.85.3-release/prefab/modules/reactnative/include/react/renderer/core/RawPropsParser.h:50)
build_android	Compile C++ Kernels & Package Production Release APK	2026-06-01T16:27:22.0069192Z C/C++: >>>               CMakeFiles/appmodules.dir/home/runner/work/nhai-vedic-engine/nhai-vedic-engine/NhaiApp/android/app/build/generated/autolinking/src/main/jni/autolinking.cpp.o:(void facebook::react::RawPropsParser::prepare<facebook::react::RNCSafeAreaProviderProps>())
build_android	Compile C++ Kernels & Package Production Release APK	2026-06-01T16:27:22.0072507Z C/C++: >>> referenced by construct_at.h:41 (/usr/local/lib/android/sdk/ndk/27.1.12297006/toolchains/llvm/prebuilt/linux-x86_64/sysroot/usr/include/c++/v1/__memory/construct_at.h:41)
build_android	Compile C++ Kernels & Package Production Release APK	2026-06-01T16:27:22.0078805Z C/C++: >>>               CMakeFiles/appmodules.dir/home/runner/work/nhai-vedic-engine/nhai-vedic-engine/NhaiApp/android/app/build/generated/autolinking/src/main/jni/autolinking.cpp.o:(facebook::react::ConcreteShadowNode<&facebook::react::RNCSafeAreaProviderComponentName.<char const at offset 0>, facebook::react::YogaLayoutableShadowNode, facebook::react::RNCSafeAreaProviderProps, facebook::react::RNCSafeAreaProviderEventEmitter, facebook::react::StateData>::Props(facebook::react::PropsParserContext const&, facebook::react::RawProps const&, std::__ndk1::shared_ptr<facebook::react::Props const> const&))
build_android	Compile C++ Kernels & Package Production Release APK	2026-06-01T16:27:22.0083140Z C/C++: ld.lld: error: undefined symbol: VTT for facebook::react::RNCSafeAreaViewProps
build_android	Compile C++ Kernels & Package Production Release APK	2026-06-01T16:27:22.0085692Z C/C++: >>> referenced by Props.h:31 (/home/runner/.gradle/caches/8.13/transforms/48854317aa4af219cf0511a9433eb57c/transformed/react-android-0.85.3-release/prefab/modules/reactnative/include/react/renderer/core/Props.h:31)
build_android	Compile C++ Kernels & Package Production Release APK	2026-06-01T16:27:22.0089443Z C/C++: >>>               CMakeFiles/appmodules.dir/home/runner/work/nhai-vedic-engine/nhai-vedic-engine/NhaiApp/android/app/build/generated/autolinking/src/main/jni/autolinking.cpp.o:(void facebook::react::RawPropsParser::prepare<facebook::react::RNCSafeAreaViewProps>())
build_android	Compile C++ Kernels & Package Production Release APK	2026-06-01T16:27:22.0092840Z C/C++: >>> referenced by Props.h:31 (/home/runner/.gradle/caches/8.13/transforms/48854317aa4af219cf0511a9433eb57c/transformed/react-android-0.85.3-release/prefab/modules/reactnative/include/react/renderer/core/Props.h:31)
build_android	Compile C++ Kernels & Package Production Release APK	2026-06-01T16:27:22.0096652Z C/C++: >>>               CMakeFiles/appmodules.dir/home/runner/work/nhai-vedic-engine/nhai-vedic-engine/NhaiApp/android/app/build/generated/autolinking/src/main/jni/autolinking.cpp.o:(void facebook::react::RawPropsParser::prepare<facebook::react::RNCSafeAreaViewProps>())
build_android	Compile C++ Kernels & Package Production Release APK	2026-06-01T16:27:22.0100451Z C/C++: >>> referenced by Props.h:111 (/home/runner/work/nhai-vedic-engine/nhai-vedic-engine/NhaiApp/node_modules/react-native-safe-area-context/android/src/main/jni/../../../build/generated/source/codegen/jni/react/renderer/components/safeareacontext/Props.h:111)
build_android	Compile C++ Kernels & Package Production Release APK	2026-06-01T16:27:22.0104278Z C/C++: >>>               CMakeFiles/appmodules.dir/home/runner/work/nhai-vedic-engine/nhai-vedic-engine/NhaiApp/android/app/build/generated/autolinking/src/main/jni/autolinking.cpp.o:(void facebook::react::RawPropsParser::prepare<facebook::react::RNCSafeAreaViewProps>())
build_android	Compile C++ Kernels & Package Production Release APK	2026-06-01T16:27:22.0106753Z C/C++: >>> referenced 7 more times
build_android	Compile C++ Kernels & Package Production Release APK	2026-06-01T16:27:22.0107659Z C/C++: ld.lld: error: undefined symbol: vtable for facebook::react::RNCSafeAreaViewProps
build_android	Compile C++ Kernels & Package Production Release APK	2026-06-01T16:27:22.0110309Z C/C++: >>> referenced by Props.h:113 (/home/runner/work/nhai-vedic-engine/nhai-vedic-engine/NhaiApp/node_modules/react-native-safe-area-context/android/src/main/jni/../../../build/generated/source/codegen/jni/react/renderer/components/safeareacontext/Props.h:113)
build_android	Compile C++ Kernels & Package Production Release APK	2026-06-01T16:27:22.0114386Z C/C++: >>>               CMakeFiles/appmodules.dir/home/runner/work/nhai-vedic-engine/nhai-vedic-engine/NhaiApp/android/app/build/generated/autolinking/src/main/jni/autolinking.cpp.o:(void facebook::react::RawPropsParser::prepare<facebook::react::RNCSafeAreaViewProps>())
build_android	Compile C++ Kernels & Package Production Release APK	2026-06-01T16:27:22.0118334Z C/C++: >>> referenced by Props.h:113 (/home/runner/work/nhai-vedic-engine/nhai-vedic-engine/NhaiApp/node_modules/react-native-safe-area-context/android/src/main/jni/../../../build/generated/source/codegen/jni/react/renderer/components/safeareacontext/Props.h:113)
build_android	Compile C++ Kernels & Package Production Release APK	2026-06-01T16:27:22.0122133Z C/C++: >>>               CMakeFiles/appmodules.dir/home/runner/work/nhai-vedic-engine/nhai-vedic-engine/NhaiApp/android/app/build/generated/autolinking/src/main/jni/autolinking.cpp.o:(void facebook::react::RawPropsParser::prepare<facebook::react::RNCSafeAreaViewProps>())
build_android	Compile C++ Kernels & Package Production Release APK	2026-06-01T16:27:22.0125957Z C/C++: >>> referenced by Props.h:113 (/home/runner/work/nhai-vedic-engine/nhai-vedic-engine/NhaiApp/node_modules/react-native-safe-area-context/android/src/main/jni/../../../build/generated/source/codegen/jni/react/renderer/components/safeareacontext/Props.h:113)
build_android	Compile C++ Kernels & Package Production Release APK	2026-06-01T16:27:22.0131768Z C/C++: >>>               CMakeFiles/appmodules.dir/home/runner/work/nhai-vedic-engine/nhai-vedic-engine/NhaiApp/android/app/build/generated/autolinking/src/main/jni/autolinking.cpp.o:(std::__ndk1::shared_ptr<facebook::react::RNCSafeAreaViewProps const> std::__ndk1::allocate_shared[abi:ne180000]<facebook::react::RNCSafeAreaViewProps const, std::__ndk1::allocator<facebook::react::RNCSafeAreaViewProps const>, void>(std::__ndk1::allocator<facebook::react::RNCSafeAreaViewProps const> const&))
build_android	Compile C++ Kernels & Package Production Release APK	2026-06-01T16:27:22.0134977Z C/C++: >>> referenced 1 more times
build_android	Compile C++ Kernels & Package Production Release APK	2026-06-01T16:27:22.0136534Z C/C++: >>> the vtable symbol may be undefined because the class is missing its key function (see https://lld.llvm.org/missingkeyfunction)
build_android	Compile C++ Kernels & Package Production Release APK	2026-06-01T16:27:22.0139467Z C/C++: ld.lld: error: undefined symbol: facebook::react::RNCSafeAreaViewProps::RNCSafeAreaViewProps(facebook::react::PropsParserContext const&, facebook::react::RNCSafeAreaViewProps const&, facebook::react::RawProps const&)
build_android	Compile C++ Kernels & Package Production Release APK	2026-06-01T16:27:22.0142811Z C/C++: >>> referenced by RawPropsParser.h:50 (/home/runner/.gradle/caches/8.13/transforms/48854317aa4af219cf0511a9433eb57c/transformed/react-android-0.85.3-release/prefab/modules/reactnative/include/react/renderer/core/RawPropsParser.h:50)
build_android	Compile C++ Kernels & Package Production Release APK	2026-06-01T16:27:22.0146665Z C/C++: >>>               CMakeFiles/appmodules.dir/home/runner/work/nhai-vedic-engine/nhai-vedic-engine/NhaiApp/android/app/build/generated/autolinking/src/main/jni/autolinking.cpp.o:(void facebook::react::RawPropsParser::prepare<facebook::react::RNCSafeAreaViewProps>())
build_android	Compile C++ Kernels & Package Production Release APK	2026-06-01T16:27:22.0150118Z C/C++: >>> referenced by construct_at.h:41 (/usr/local/lib/android/sdk/ndk/27.1.12297006/toolchains/llvm/prebuilt/linux-x86_64/sysroot/usr/include/c++/v1/__memory/construct_at.h:41)
build_android	Compile C++ Kernels & Package Production Release APK	2026-06-01T16:27:22.0156503Z C/C++: >>>               CMakeFiles/appmodules.dir/home/runner/work/nhai-vedic-engine/nhai-vedic-engine/NhaiApp/android/app/build/generated/autolinking/src/main/jni/autolinking.cpp.o:(facebook::react::ConcreteShadowNode<&facebook::react::RNCSafeAreaViewComponentName.<char const at offset 0>, facebook::react::YogaLayoutableShadowNode, facebook::react::RNCSafeAreaViewProps, facebook::react::BaseViewEventEmitter, facebook::react::RNCSafeAreaViewState>::Props(facebook::react::PropsParserContext const&, facebook::react::RawProps const&, std::__ndk1::shared_ptr<facebook::react::Props const> const&))
build_android	Compile C++ Kernels & Package Production Release APK	2026-06-01T16:27:22.0161124Z C/C++: clang++: error: linker command failed with exit code 1 (use -v to see invocation)
build_android	Compile C++ Kernels & Package Production Release APK	2026-06-01T16:27:22.0161996Z C/C++: ninja: build stopped: subcommand failed.
build_android	Compile C++ Kernels & Package Production Release APK	2026-06-01T16:27:22.0162360Z 
build_android	Compile C++ Kernels & Package Production Release APK	2026-06-01T16:27:22.0163617Z [Incubating] Problems report is available at: file:///home/runner/work/nhai-vedic-engine/nhai-vedic-engine/NhaiApp/android/build/reports/problems/problems-report.html
build_android	Compile C++ Kernels & Package Production Release APK	2026-06-01T16:27:22.0726697Z 
build_android	Compile C++ Kernels & Package Production Release APK	2026-06-01T16:27:22.0737148Z FAILURE: Build failed with an exception.
build_android	Compile C++ Kernels & Package Production Release APK	2026-06-01T16:27:22.0737586Z 
build_android	Compile C++ Kernels & Package Production Release APK	2026-06-01T16:27:22.0737775Z * What went wrong:
build_android	Compile C++ Kernels & Package Production Release APK	2026-06-01T16:27:22.0738533Z Execution failed for task ':app:buildCMakeRelWithDebInfo[arm64-v8a]'.
build_android	Compile C++ Kernels & Package Production Release APK	2026-06-01T16:27:22.0740613Z > com.android.ide.common.process.ProcessException: ninja: Entering directory `/home/runner/work/nhai-vedic-engine/nhai-vedic-engine/NhaiApp/android/app/.cxx/RelWithDebInfo/6u4f5j43/arm64-v8a'
build_android	Compile C++ Kernels & Package Production Release APK	2026-06-01T16:27:22.0742263Z   [0/2] Re-checking globbed directories...
build_android	Compile C++ Kernels & Package Production Release APK	2026-06-01T16:27:22.0743083Z   [1/24] Building CXX object CMakeFiles/appmodules.dir/src/anurupyena_quant.cpp.o
build_android	Compile C++ Kernels & Package Production Release APK	2026-06-01T16:27:22.0744075Z   [2/24] Building CXX object CMakeFiles/appmodules.dir/src/liveness_check.cpp.o
build_android	Compile C++ Kernels & Package Production Release APK	2026-06-01T16:27:22.0745075Z   [3/24] Building CXX object CMakeFiles/appmodules.dir/src/nikhilam_distance.cpp.o
build_android	Compile C++ Kernels & Package Production Release APK	2026-06-01T16:27:22.0746398Z   [4/24] Building CXX object CMakeFiles/appmodules.dir/src/jni_bridge.cpp.o
build_android	Compile C++ Kernels & Package Production Release APK	2026-06-01T16:27:22.0747424Z   [5/24] Building CXX object CMakeFiles/appmodules.dir/src/face_vision.cpp.o
build_android	Compile C++ Kernels & Package Production Release APK	2026-06-01T16:27:22.0748479Z   [6/24] Building CXX object CMakeFiles/appmodules.dir/src/urdhva_multiplication.cpp.o
build_android	Compile C++ Kernels & Package Production Release APK	2026-06-01T16:27:22.0750468Z   [7/24] Building CXX object CMakeFiles/appmodules.dir/home/runner/work/nhai-vedic-engine/nhai-vedic-engine/NhaiApp/node_modules/react-native/ReactAndroid/cmake-utils/default-app-setup/OnLoad.cpp.o
build_android	Compile C++ Kernels & Package Production Release APK	2026-06-01T16:27:22.0753067Z   [8/24] Building CXX object NitroModulesSpec_autolinked_build/CMakeFiles/react_codegen_NitroModulesSpec.dir/react/renderer/components/NitroModulesSpec/EventEmitters.cpp.o
build_android	Compile C++ Kernels & Package Production Release APK	2026-06-01T16:27:22.0755364Z   [9/24] Building CXX object NitroModulesSpec_autolinked_build/CMakeFiles/react_codegen_NitroModulesSpec.dir/NitroModulesSpec-generated.cpp.o
build_android	Compile C++ Kernels & Package Production Release APK	2026-06-01T16:27:22.0757942Z   [10/24] Building CXX object NitroModulesSpec_autolinked_build/CMakeFiles/react_codegen_NitroModulesSpec.dir/react/renderer/components/NitroModulesSpec/ComponentDescriptors.cpp.o
build_android	Compile C++ Kernels & Package Production Release APK	2026-06-01T16:27:22.0761380Z   [11/24] Building CXX object NitroModulesSpec_autolinked_build/CMakeFiles/react_codegen_NitroModulesSpec.dir/react/renderer/components/NitroModulesSpec/Props.cpp.o
build_android	Compile C++ Kernels & Package Production Release APK	2026-06-01T16:27:22.0763776Z   [12/24] Building CXX object NitroModulesSpec_autolinked_build/CMakeFiles/react_codegen_NitroModulesSpec.dir/react/renderer/components/NitroModulesSpec/States.cpp.o
build_android	Compile C++ Kernels & Package Production Release APK	2026-06-01T16:27:22.0764982Z 
build_android	Compile C++ Kernels & Package Production Release APK	2026-06-01T16:27:22.0796841Z   [13/24] Building CXX object NitroModulesSpec_autolinked_build/CMakeFiles/react_codegen_NitroModulesSpec.dir/react/renderer/components/NitroModulesSpec/ShadowNodes.cpp.o
build_android	Compile C++ Kernels & Package Production Release APK	2026-06-01T16:27:22.0799433Z   [14/24] Building CXX object CMakeFiles/appmodules.dir/home/runner/work/nhai-vedic-engine/nhai-vedic-engine/NhaiApp/android/app/build/generated/autolinking/src/main/jni/autolinking.cpp.o
build_android	Compile C++ Kernels & Package Production Release APK	2026-06-01T16:27:22.0802509Z   [15/24] Building CXX object safeareacontext_autolinked_build/CMakeFiles/react_codegen_safeareacontext.dir/home/runner/work/nhai-vedic-engine/nhai-vedic-engine/NhaiApp/node_modules/react-native-safe-area-context/android/build/generated/source/codegen/jni/react/renderer/components/safeareacontext/EventEmitters.cpp.o
build_android	Compile C++ Kernels & Package Production Release APK	2026-06-01T16:27:22.0806824Z   [16/24] Building CXX object safeareacontext_autolinked_build/CMakeFiles/react_codegen_safeareacontext.dir/home/runner/work/nhai-vedic-engine/nhai-vedic-engine/NhaiApp/node_modules/react-native-safe-area-context/common/cpp/react/renderer/components/safeareacontext/RNCSafeAreaViewState.cpp.o
build_android	Compile C++ Kernels & Package Production Release APK	2026-06-01T16:27:22.0811076Z   [17/24] Building CXX object safeareacontext_autolinked_build/CMakeFiles/react_codegen_safeareacontext.dir/home/runner/work/nhai-vedic-engine/nhai-vedic-engine/NhaiApp/node_modules/react-native-safe-area-context/android/build/generated/source/codegen/jni/react/renderer/components/safeareacontext/ShadowNodes.cpp.o
build_android	Compile C++ Kernels & Package Production Release APK	2026-06-01T16:27:22.0815597Z   [18/24] Building CXX object safeareacontext_autolinked_build/CMakeFiles/react_codegen_safeareacontext.dir/home/runner/work/nhai-vedic-engine/nhai-vedic-engine/NhaiApp/node_modules/react-native-safe-area-context/common/cpp/react/renderer/components/safeareacontext/RNCSafeAreaViewShadowNode.cpp.o
build_android	Compile C++ Kernels & Package Production Release APK	2026-06-01T16:27:22.0820603Z   [19/24] Building CXX object safeareacontext_autolinked_build/CMakeFiles/react_codegen_safeareacontext.dir/home/runner/work/nhai-vedic-engine/nhai-vedic-engine/NhaiApp/node_modules/react-native-safe-area-context/android/build/generated/source/codegen/jni/react/renderer/components/safeareacontext/States.cpp.o
build_android	Compile C++ Kernels & Package Production Release APK	2026-06-01T16:27:22.0825011Z   [20/24] Building CXX object safeareacontext_autolinked_build/CMakeFiles/react_codegen_safeareacontext.dir/home/runner/work/nhai-vedic-engine/nhai-vedic-engine/NhaiApp/node_modules/react-native-safe-area-context/android/build/generated/source/codegen/jni/react/renderer/components/safeareacontext/Props.cpp.o
build_android	Compile C++ Kernels & Package Production Release APK	2026-06-01T16:27:22.0860134Z   [21/24] Building CXX object safeareacontext_autolinked_build/CMakeFiles/react_codegen_safeareacontext.dir/home/runner/work/nhai-vedic-engine/nhai-vedic-engine/NhaiApp/node_modules/react-native-safe-area-context/android/build/generated/source/codegen/jni/react/renderer/components/safeareacontext/ComponentDescriptors.cpp.o
build_android	Compile C++ Kernels & Package Production Release APK	2026-06-01T16:27:22.0864294Z   [22/24] Building CXX object safeareacontext_autolinked_build/CMakeFiles/react_codegen_safeareacontext.dir/home/runner/work/nhai-vedic-engine/nhai-vedic-engine/NhaiApp/node_modules/react-native-safe-area-context/android/build/generated/source/codegen/jni/safeareacontext-generated.cpp.o
build_android	Compile C++ Kernels & Package Production Release APK	2026-06-01T16:27:22.0867999Z   [23/24] Linking CXX shared library /home/runner/work/nhai-vedic-engine/nhai-vedic-engine/NhaiApp/android/app/build/intermediates/cxx/RelWithDebInfo/6u4f5j43/obj/arm64-v8a/libreact_codegen_safeareacontext.so
build_android	Compile C++ Kernels & Package Production Release APK	2026-06-01T16:27:22.0870760Z   [24/24] Linking CXX shared library /home/runner/work/nhai-vedic-engine/nhai-vedic-engine/NhaiApp/android/app/build/intermediates/cxx/RelWithDebInfo/6u4f5j43/obj/arm64-v8a/libappmodules.so
build_android	Compile C++ Kernels & Package Production Release APK	2026-06-01T16:27:22.0873287Z   FAILED: /home/runner/work/nhai-vedic-engine/nhai-vedic-engine/NhaiApp/android/app/build/intermediates/cxx/RelWithDebInfo/6u4f5j43/obj/arm64-v8a/libappmodules.so 
build_android	Compile C++ Kernels & Package Production Release APK	2026-06-01T16:27:22.0946564Z   : && /usr/local/lib/android/sdk/ndk/27.1.12297006/toolchains/llvm/prebuilt/linux-x86_64/bin/clang++ --target=aarch64-none-linux-android24 --sysroot=/usr/local/lib/android/sdk/ndk/27.1.12297006/toolchains/llvm/prebuilt/linux-x86_64/sysroot -fPIC -g -DANDROID -fdata-sections -ffunction-sections -funwind-tables -fstack-protector-strong -no-canonical-prefixes -D__BIONIC_NO_PAGE_SIZE_MACRO -D_FORTIFY_SOURCE=2 -Wformat -Werror=format-security   -O3 -Os -fvisibility=hidden -Wno-deprecated-anon-enum-enum-conversion -Wno-error=deprecated-anon-enum-enum-conversion -O2 -g -DNDEBUG  -Wl,-z,max-page-size=16384 -Wl,--build-id=sha1 -Wl,--no-rosegment -Wl,--no-undefined-version -Wl,--fatal-warnings -Wl,--no-undefined -Qunused-arguments  -Wl,--strip-all -Wl,--gc-sections -shared -Wl,-soname,libappmodules.so -o /home/runner/work/nhai-vedic-engine/nhai-vedic-engine/NhaiApp/android/app/build/intermediates/cxx/RelWithDebInfo/6u4f5j43/obj/arm64-v8a/libappmodules.so NitroModulesSpec_autolinked_build/CMakeFiles/react_codegen_NitroModulesSpec.dir/NitroModulesSpec-generated.cpp.o NitroModulesSpec_autolinked_build/CMakeFiles/react_codegen_NitroModulesSpec.dir/react/renderer/components/NitroModulesSpec/ComponentDescriptors.cpp.o NitroModulesSpec_autolinked_build/CMakeFiles/react_codegen_NitroModulesSpec.dir/react/renderer/components/NitroModulesSpec/EventEmitters.cpp.o NitroModulesSpec_autolinked_build/CMakeFiles/react_codegen_NitroModulesSpec.dir/react/renderer/components/NitroModulesSpec/Props.cpp.o NitroModulesSpec_autolinked_build/CMakeFiles/react_codegen_NitroModulesSpec.dir/react/renderer/components/NitroModulesSpec/ShadowNodes.cpp.o NitroModulesSpec_autolinked_build/CMakeFiles/react_codegen_NitroModulesSpec.dir/react/renderer/components/NitroModulesSpec/States.cpp.o CMakeFiles/appmodules.dir/home/runner/work/nhai-vedic-engine/nhai-vedic-engine/NhaiApp/android/app/build/generated/autolinking/src/main/jni/autolinking.cpp.o CMakeFiles/appmodules.dir/home/runner/work/nhai-vedic-engine/nhai-vedic-engine/NhaiApp/node_modules/react-native/ReactAndroid/cmake-utils/default-app-setup/OnLoad.cpp.o CMakeFiles/appmodules.dir/src/jni_bridge.cpp.o CMakeFiles/appmodules.dir/src/face_vision.cpp.o CMakeFiles/appmodules.dir/src/liveness_check.cpp.o CMakeFiles/appmodules.dir/src/anurupyena_quant.cpp.o CMakeFiles/appmodules.dir/src/nikhilam_distance.cpp.o CMakeFiles/appmodules.dir/src/urdhva_multiplication.cpp.o  /home/runner/work/nhai-vedic-engine/nhai-vedic-engine/NhaiApp/android/app/build/intermediates/cxx/RelWithDebInfo/6u4f5j43/obj/arm64-v8a/libreact_codegen_safeareacontext.so  /home/runner/work/nhai-vedic-engine/nhai-vedic-engine/NhaiApp/android/app/src/main/cpp/opencv/sdk/native/staticlibs/arm64-v8a/libopencv_core.a  /home/runner/work/nhai-vedic-engine/nhai-vedic-engine/NhaiApp/android/app/src/main/cpp/opencv/sdk/native/staticlibs/arm64-v8a/libopencv_imgproc.a  /home/runner/work/nhai-vedic-engine/nhai-vedic-engine/NhaiApp/android/app/src/main/cpp/opencv/sdk/native/staticlibs/arm64-v8a/libopencv_objdetect.a  /home/runner/work/nhai-vedic-engine/nhai-vedic-engine/NhaiApp/android/app/src/main/cpp/opencv/sdk/native/staticlibs/arm64-v8a/libopencv_imgcodecs.a  -llog  /home/runner/.gradle/caches/8.13/transforms/1c50bd473f95dfa25c59ea4ee2aadfa5/transformed/fbjni-0.7.0/prefab/modules/fbjni/libs/android.arm64-v8a/libfbjni.so  /home/runner/.gradle/caches/8.13/transforms/48854317aa4af219cf0511a9433eb57c/transformed/react-android-0.85.3-release/prefab/modules/jsi/libs/android.arm64-v8a/libjsi.so  /home/runner/.gradle/caches/8.13/transforms/48854317aa4af219cf0511a9433eb57c/transformed/react-android-0.85.3-release/prefab/modules/reactnative/libs/android.arm64-v8a/libreactnative.so  /home/runner/work/nhai-vedic-engine/nhai-vedic-engine/NhaiApp/android/app/src/main/cpp/opencv/sdk/native/staticlibs/arm64-v8a/libopencv_dnn.a  /home/runner/work/nhai-vedic-engine/nhai-vedic-engine/NhaiApp/android/app/src/main/cpp/opencv/sdk/native/3rdparty/libs/arm64-v8a/liblibprotobuf.a  -landroid  -llog  /home/runner/work/nhai-vedic-engine/nhai-vedic-engine/NhaiApp/android/app/src/main/cpp/opencv/sdk/native/staticlibs/arm64-v8a/libopencv_calib3d.a  /home/runner/work/nhai-vedic-engine/nhai-vedic-engine/NhaiApp/android/app/src/main/cpp/opencv/sdk/native/staticlibs/arm64-v8a/libopencv_features2d.a  /home/runner/work/nhai-vedic-engine/nhai-vedic-engine/NhaiApp/android/app/src/main/cpp/opencv/sdk/native/staticlibs/arm64-v8a/libopencv_flann.a  /home/runner/work/nhai-vedic-engine/nhai-vedic-engine/NhaiApp/android/app/src/main/cpp/opencv/sdk/native/staticlibs/arm64-v8a/libopencv_imgproc.a  /home/runner/work/nhai-vedic-engine/nhai-vedic-engine/NhaiApp/android/app/src/main/cpp/opencv/sdk/native/staticlibs/arm64-v8a/libopencv_core.a  /home/runner/work/nhai-vedic-engine/nhai-vedic-engine/NhaiApp/android/app/src/main/cpp/opencv/sdk/native/3rdparty/libs/arm64-v8a/libtbb.a  -lc  /home/runner/work/nhai-vedic-engine/nhai-vedic-engine/NhaiApp/android/app/src/main/cpp/opencv/sdk/native/3rdparty/libs/arm64-v8a/libittnotify.a  -llog  -ldl  /home/runner/work/nhai-vedic-engine/nhai-vedic-engine/NhaiApp/android/app/src/main/cpp/opencv/sdk/native/3rdparty/libs/arm64-v8a/libtegra_hal.a  /home/runner/work/nhai-vedic-engine/nhai-vedic-engine/NhaiApp/android/app/src/main/cpp/opencv/sdk/native/3rdparty/libs/arm64-v8a/liblibjpeg-turbo.a  /home/runner/work/nhai-vedic-engine/nhai-vedic-engine/NhaiApp/android/app/src/main/cpp/opencv/sdk/native/3rdparty/libs/arm64-v8a/liblibwebp.a  /home/runner/work/nhai-vedic-engine/nhai-vedic-engine/NhaiApp/android/app/src/main/cpp/opencv/sdk/native/3rdparty/libs/arm64-v8a/libcpufeatures.a  /home/runner/work/nhai-vedic-engine/nhai-vedic-engine/NhaiApp/android/app/src/main/cpp/opencv/sdk/native/3rdparty/libs/arm64-v8a/liblibpng.a  /home/runner/work/nhai-vedic-engine/nhai-vedic-engine/NhaiApp/android/app/src/main/cpp/opencv/sdk/native/3rdparty/libs/arm64-v8a/liblibtiff.a  /home/runner/work/nhai-vedic-engine/nhai-vedic-engine/NhaiApp/android/app/src/main/cpp/opencv/sdk/native/3rdparty/libs/arm64-v8a/liblibopenjp2.a  -lm  -pthread  /home/runner/work/nhai-vedic-engine/nhai-vedic-engine/NhaiApp/android/app/src/main/cpp/opencv/sdk/native/3rdparty/libs/arm64-v8a/libIlmImf.a  -lz  -latomic -lm && :
build_android	Compile C++ Kernels & Package Production Release APK	2026-06-01T16:27:22.0978493Z   ld.lld: error: undefined symbol: VTT for facebook::react::RNCSafeAreaProviderProps
build_android	Compile C++ Kernels & Package Production Release APK	2026-06-01T16:27:22.0979844Z   >>> referenced by Props.h:31 (/home/runner/.gradle/caches/8.13/transforms/48854317aa4af219cf0511a9433eb57c/transformed/react-android-0.85.3-release/prefab/modules/reactnative/include/react/renderer/core/Props.h:31)
build_android	Compile C++ Kernels & Package Production Release APK	2026-06-01T16:27:22.0981835Z   >>>               CMakeFiles/appmodules.dir/home/runner/work/nhai-vedic-engine/nhai-vedic-engine/NhaiApp/android/app/build/generated/autolinking/src/main/jni/autolinking.cpp.o:(void facebook::react::RawPropsParser::prepare<facebook::react::RNCSafeAreaProviderProps>())
build_android	Compile C++ Kernels & Package Production Release APK	2026-06-01T16:27:22.0983595Z   >>> referenced by Props.h:31 (/home/runner/.gradle/caches/8.13/transforms/48854317aa4af219cf0511a9433eb57c/transformed/react-android-0.85.3-release/prefab/modules/reactnative/include/react/renderer/core/Props.h:31)
build_android	Compile C++ Kernels & Package Production Release APK	2026-06-01T16:27:22.0985377Z   >>>               CMakeFiles/appmodules.dir/home/runner/work/nhai-vedic-engine/nhai-vedic-engine/NhaiApp/android/app/build/generated/autolinking/src/main/jni/autolinking.cpp.o:(void facebook::react::RawPropsParser::prepare<facebook::react::RNCSafeAreaProviderProps>())
build_android	Compile C++ Kernels & Package Production Release APK	2026-06-01T16:27:22.0988306Z   >>> referenced by HostPlatformViewProps.h:25 (/home/runner/.gradle/caches/8.13/transforms/48854317aa4af219cf0511a9433eb57c/transformed/react-android-0.85.3-release/prefab/modules/reactnative/include/react/renderer/components/view/HostPlatformViewProps.h:25)
build_android	Compile C++ Kernels & Package Production Release APK	2026-06-01T16:27:22.0991166Z   >>>               CMakeFiles/appmodules.dir/home/runner/work/nhai-vedic-engine/nhai-vedic-engine/NhaiApp/android/app/build/generated/autolinking/src/main/jni/autolinking.cpp.o:(std::__ndk1::shared_ptr<facebook::react::RNCSafeAreaProviderProps const> std::__ndk1::allocate_shared[abi:ne180000]<facebook::react::RNCSafeAreaProviderProps const, std::__ndk1::allocator<facebook::react::RNCSafeAreaProviderProps const>, void>(std::__ndk1::allocator<facebook::react::RNCSafeAreaProviderProps const> const&))
build_android	Compile C++ Kernels & Package Production Release APK	2026-06-01T16:27:22.0993246Z   >>> referenced 5 more times
build_android	Compile C++ Kernels & Package Production Release APK	2026-06-01T16:27:22.0993484Z   
build_android	Compile C++ Kernels & Package Production Release APK	2026-06-01T16:27:22.0993883Z   ld.lld: error: undefined symbol: vtable for facebook::react::RNCSafeAreaProviderProps
build_android	Compile C++ Kernels & Package Production Release APK	2026-06-01T16:27:22.0995175Z   >>> referenced by Props.h:21 (/home/runner/work/nhai-vedic-engine/nhai-vedic-engine/NhaiApp/node_modules/react-native-safe-area-context/android/src/main/jni/../../../build/generated/source/codegen/jni/react/renderer/components/safeareacontext/Props.h:21)
build_android	Compile C++ Kernels & Package Production Release APK	2026-06-01T16:27:22.0997363Z   >>>               CMakeFiles/appmodules.dir/home/runner/work/nhai-vedic-engine/nhai-vedic-engine/NhaiApp/android/app/build/generated/autolinking/src/main/jni/autolinking.cpp.o:(void facebook::react::RawPropsParser::prepare<facebook::react::RNCSafeAreaProviderProps>())
build_android	Compile C++ Kernels & Package Production Release APK	2026-06-01T16:27:22.0999262Z   >>> referenced by Props.h:21 (/home/runner/work/nhai-vedic-engine/nhai-vedic-engine/NhaiApp/node_modules/react-native-safe-area-context/android/src/main/jni/../../../build/generated/source/codegen/jni/react/renderer/components/safeareacontext/Props.h:21)
build_android	Compile C++ Kernels & Package Production Release APK	2026-06-01T16:27:22.1001193Z   >>>               CMakeFiles/appmodules.dir/home/runner/work/nhai-vedic-engine/nhai-vedic-engine/NhaiApp/android/app/build/generated/autolinking/src/main/jni/autolinking.cpp.o:(void facebook::react::RawPropsParser::prepare<facebook::react::RNCSafeAreaProviderProps>())
build_android	Compile C++ Kernels & Package Production Release APK	2026-06-01T16:27:22.1004321Z   >>> referenced by Props.h:21 (/home/runner/work/nhai-vedic-engine/nhai-vedic-engine/NhaiApp/node_modules/react-native-safe-area-context/android/src/main/jni/../../../build/generated/source/codegen/jni/react/renderer/components/safeareacontext/Props.h:21)
build_android	Compile C++ Kernels & Package Production Release APK	2026-06-01T16:27:22.1009843Z   >>>               CMakeFiles/appmodules.dir/home/runner/work/nhai-vedic-engine/nhai-vedic-engine/NhaiApp/android/app/build/generated/autolinking/src/main/jni/autolinking.cpp.o:(std::__ndk1::shared_ptr<facebook::react::RNCSafeAreaProviderProps const> std::__ndk1::allocate_shared[abi:ne180000]<facebook::react::RNCSafeAreaProviderProps const, std::__ndk1::allocator<facebook::react::RNCSafeAreaProviderProps const>, void>(std::__ndk1::allocator<facebook::react::RNCSafeAreaProviderProps const> const&))
build_android	Compile C++ Kernels & Package Production Release APK	2026-06-01T16:27:22.1013591Z   >>> referenced 1 more times
build_android	Compile C++ Kernels & Package Production Release APK	2026-06-01T16:27:22.1014717Z   >>> the vtable symbol may be undefined because the class is missing its key function (see https://lld.llvm.org/missingkeyfunction)
build_android	Compile C++ Kernels & Package Production Release APK	2026-06-01T16:27:22.1015775Z   
build_android	Compile C++ Kernels & Package Production Release APK	2026-06-01T16:27:22.1017765Z   ld.lld: error: undefined symbol: facebook::react::RNCSafeAreaProviderProps::RNCSafeAreaProviderProps(facebook::react::PropsParserContext const&, facebook::react::RNCSafeAreaProviderProps const&, facebook::react::RawProps const&)
build_android	Compile C++ Kernels & Package Production Release APK	2026-06-01T16:27:22.1019537Z   >>> referenced by RawPropsParser.h:50 (/home/runner/.gradle/caches/8.13/transforms/48854317aa4af219cf0511a9433eb57c/transformed/react-android-0.85.3-release/prefab/modules/reactnative/include/react/renderer/core/RawPropsParser.h:50)
build_android	Compile C++ Kernels & Package Production Release APK	2026-06-01T16:27:22.1021387Z   >>>               CMakeFiles/appmodules.dir/home/runner/work/nhai-vedic-engine/nhai-vedic-engine/NhaiApp/android/app/build/generated/autolinking/src/main/jni/autolinking.cpp.o:(void facebook::react::RawPropsParser::prepare<facebook::react::RNCSafeAreaProviderProps>())
build_android	Compile C++ Kernels & Package Production Release APK	2026-06-01T16:27:22.1022945Z   >>> referenced by construct_at.h:41 (/usr/local/lib/android/sdk/ndk/27.1.12297006/toolchains/llvm/prebuilt/linux-x86_64/sysroot/usr/include/c++/v1/__memory/construct_at.h:41)
build_android	Compile C++ Kernels & Package Production Release APK	2026-06-01T16:27:22.1025913Z   >>>               CMakeFiles/appmodules.dir/home/runner/work/nhai-vedic-engine/nhai-vedic-engine/NhaiApp/android/app/build/generated/autolinking/src/main/jni/autolinking.cpp.o:(facebook::react::ConcreteShadowNode<&facebook::react::RNCSafeAreaProviderComponentName.<char const at offset 0>, facebook::react::YogaLayoutableShadowNode, facebook::react::RNCSafeAreaProviderProps, facebook::react::RNCSafeAreaProviderEventEmitter, facebook::react::StateData>::Props(facebook::react::PropsParserContext const&, facebook::react::RawProps const&, std::__ndk1::shared_ptr<facebook::react::Props const> const&))
build_android	Compile C++ Kernels & Package Production Release APK	2026-06-01T16:27:22.1028552Z   
build_android	Compile C++ Kernels & Package Production Release APK	2026-06-01T16:27:22.1028924Z   ld.lld: error: undefined symbol: VTT for facebook::react::RNCSafeAreaViewProps
build_android	Compile C++ Kernels & Package Production Release APK	2026-06-01T16:27:22.1030018Z   >>> referenced by Props.h:31 (/home/runner/.gradle/caches/8.13/transforms/48854317aa4af219cf0511a9433eb57c/transformed/react-android-0.85.3-release/prefab/modules/reactnative/include/react/renderer/core/Props.h:31)
build_android	Compile C++ Kernels & Package Production Release APK	2026-06-01T16:27:22.1031747Z   >>>               CMakeFiles/appmodules.dir/home/runner/work/nhai-vedic-engine/nhai-vedic-engine/NhaiApp/android/app/build/generated/autolinking/src/main/jni/autolinking.cpp.o:(void facebook::react::RawPropsParser::prepare<facebook::react::RNCSafeAreaViewProps>())
build_android	Compile C++ Kernels & Package Production Release APK	2026-06-01T16:27:22.1033471Z   >>> referenced by Props.h:31 (/home/runner/.gradle/caches/8.13/transforms/48854317aa4af219cf0511a9433eb57c/transformed/react-android-0.85.3-release/prefab/modules/reactnative/include/react/renderer/core/Props.h:31)
build_android	Compile C++ Kernels & Package Production Release APK	2026-06-01T16:27:22.1035199Z   >>>               CMakeFiles/appmodules.dir/home/runner/work/nhai-vedic-engine/nhai-vedic-engine/NhaiApp/android/app/build/generated/autolinking/src/main/jni/autolinking.cpp.o:(void facebook::react::RawPropsParser::prepare<facebook::react::RNCSafeAreaViewProps>())
build_android	Compile C++ Kernels & Package Production Release APK	2026-06-01T16:27:22.1037350Z   >>> referenced by Props.h:111 (/home/runner/work/nhai-vedic-engine/nhai-vedic-engine/NhaiApp/node_modules/react-native-safe-area-context/android/src/main/jni/../../../build/generated/source/codegen/jni/react/renderer/components/safeareacontext/Props.h:111)
build_android	Compile C++ Kernels & Package Production Release APK	2026-06-01T16:27:22.1039267Z   >>>               CMakeFiles/appmodules.dir/home/runner/work/nhai-vedic-engine/nhai-vedic-engine/NhaiApp/android/app/build/generated/autolinking/src/main/jni/autolinking.cpp.o:(void facebook::react::RawPropsParser::prepare<facebook::react::RNCSafeAreaViewProps>())
build_android	Compile C++ Kernels & Package Production Release APK	2026-06-01T16:27:22.1040520Z   >>> referenced 7 more times
build_android	Compile C++ Kernels & Package Production Release APK	2026-06-01T16:27:22.1040753Z   
build_android	Compile C++ Kernels & Package Production Release APK	2026-06-01T16:27:22.1041124Z   ld.lld: error: undefined symbol: vtable for facebook::react::RNCSafeAreaViewProps
build_android	Compile C++ Kernels & Package Production Release APK	2026-06-01T16:27:22.1042382Z   >>> referenced by Props.h:113 (/home/runner/work/nhai-vedic-engine/nhai-vedic-engine/NhaiApp/node_modules/react-native-safe-area-context/android/src/main/jni/../../../build/generated/source/codegen/jni/react/renderer/components/safeareacontext/Props.h:113)
build_android	Compile C++ Kernels & Package Production Release APK	2026-06-01T16:27:22.1044304Z   >>>               CMakeFiles/appmodules.dir/home/runner/work/nhai-vedic-engine/nhai-vedic-engine/NhaiApp/android/app/build/generated/autolinking/src/main/jni/autolinking.cpp.o:(void facebook::react::RawPropsParser::prepare<facebook::react::RNCSafeAreaViewProps>())
build_android	Compile C++ Kernels & Package Production Release APK	2026-06-01T16:27:22.1046483Z   >>> referenced by Props.h:113 (/home/runner/work/nhai-vedic-engine/nhai-vedic-engine/NhaiApp/node_modules/react-native-safe-area-context/android/src/main/jni/../../../build/generated/source/codegen/jni/react/renderer/components/safeareacontext/Props.h:113)
build_android	Compile C++ Kernels & Package Production Release APK	2026-06-01T16:27:22.1048442Z   >>>               CMakeFiles/appmodules.dir/home/runner/work/nhai-vedic-engine/nhai-vedic-engine/NhaiApp/android/app/build/generated/autolinking/src/main/jni/autolinking.cpp.o:(void facebook::react::RawPropsParser::prepare<facebook::react::RNCSafeAreaViewProps>())
build_android	Compile C++ Kernels & Package Production Release APK	2026-06-01T16:27:22.1050315Z   >>> referenced by Props.h:113 (/home/runner/work/nhai-vedic-engine/nhai-vedic-engine/NhaiApp/node_modules/react-native-safe-area-context/android/src/main/jni/../../../build/generated/source/codegen/jni/react/renderer/components/safeareacontext/Props.h:113)
build_android	Compile C++ Kernels & Package Production Release APK	2026-06-01T16:27:22.1053010Z   >>>               CMakeFiles/appmodules.dir/home/runner/work/nhai-vedic-engine/nhai-vedic-engine/NhaiApp/android/app/build/generated/autolinking/src/main/jni/autolinking.cpp.o:(std::__ndk1::shared_ptr<facebook::react::RNCSafeAreaViewProps const> std::__ndk1::allocate_shared[abi:ne180000]<facebook::react::RNCSafeAreaViewProps const, std::__ndk1::allocator<facebook::react::RNCSafeAreaViewProps const>, void>(std::__ndk1::allocator<facebook::react::RNCSafeAreaViewProps const> const&))
build_android	Compile C++ Kernels & Package Production Release APK	2026-06-01T16:27:22.1054875Z   >>> referenced 1 more times
build_android	Compile C++ Kernels & Package Production Release APK	2026-06-01T16:27:22.1055479Z   >>> the vtable symbol may be undefined because the class is missing its key function (see https://lld.llvm.org/missingkeyfunction)
build_android	Compile C++ Kernels & Package Production Release APK	2026-06-01T16:27:22.1056307Z   
build_android	Compile C++ Kernels & Package Production Release APK	2026-06-01T16:27:22.1057293Z   ld.lld: error: undefined symbol: facebook::react::RNCSafeAreaViewProps::RNCSafeAreaViewProps(facebook::react::PropsParserContext const&, facebook::react::RNCSafeAreaViewProps const&, facebook::react::RawProps const&)
build_android	Compile C++ Kernels & Package Production Release APK	2026-06-01T16:27:22.1058972Z   >>> referenced by RawPropsParser.h:50 (/home/runner/.gradle/caches/8.13/transforms/48854317aa4af219cf0511a9433eb57c/transformed/react-android-0.85.3-release/prefab/modules/reactnative/include/react/renderer/core/RawPropsParser.h:50)
build_android	Compile C++ Kernels & Package Production Release APK	2026-06-01T16:27:22.1060767Z   >>>               CMakeFiles/appmodules.dir/home/runner/work/nhai-vedic-engine/nhai-vedic-engine/NhaiApp/android/app/build/generated/autolinking/src/main/jni/autolinking.cpp.o:(void facebook::react::RawPropsParser::prepare<facebook::react::RNCSafeAreaViewProps>())
build_android	Compile C++ Kernels & Package Production Release APK	2026-06-01T16:27:22.1062303Z   >>> referenced by construct_at.h:41 (/usr/local/lib/android/sdk/ndk/27.1.12297006/toolchains/llvm/prebuilt/linux-x86_64/sysroot/usr/include/c++/v1/__memory/construct_at.h:41)
build_android	Compile C++ Kernels & Package Production Release APK	2026-06-01T16:27:22.1065147Z   >>>               CMakeFiles/appmodules.dir/home/runner/work/nhai-vedic-engine/nhai-vedic-engine/NhaiApp/android/app/build/generated/autolinking/src/main/jni/autolinking.cpp.o:(facebook::react::ConcreteShadowNode<&facebook::react::RNCSafeAreaViewComponentName.<char const at offset 0>, facebook::react::YogaLayoutableShadowNode, facebook::react::RNCSafeAreaViewProps, facebook::react::BaseViewEventEmitter, facebook::react::RNCSafeAreaViewState>::Props(facebook::react::PropsParserContext const&, facebook::react::RawProps const&, std::__ndk1::shared_ptr<facebook::react::Props const> const&))
build_android	Compile C++ Kernels & Package Production Release APK	2026-06-01T16:27:22.1067689Z   clang++: error: linker command failed with exit code 1 (use -v to see invocation)
build_android	Compile C++ Kernels & Package Production Release APK	2026-06-01T16:27:22.1068335Z   ninja: build stopped: subcommand failed.
build_android	Compile C++ Kernels & Package Production Release APK	2026-06-01T16:27:22.1068605Z   
build_android	Compile C++ Kernels & Package Production Release APK	2026-06-01T16:27:22.1068857Z   C++ build system [build] failed while executing:
build_android	Compile C++ Kernels & Package Production Release APK	2026-06-01T16:27:22.1069263Z       /usr/local/lib/android/sdk/cmake/3.22.1/bin/ninja \
build_android	Compile C++ Kernels & Package Production Release APK	2026-06-01T16:27:22.1069566Z         -C \
build_android	Compile C++ Kernels & Package Production Release APK	2026-06-01T16:27:22.1070108Z         /home/runner/work/nhai-vedic-engine/nhai-vedic-engine/NhaiApp/android/app/.cxx/RelWithDebInfo/6u4f5j43/arm64-v8a \
build_android	Compile C++ Kernels & Package Production Release APK	2026-06-01T16:27:22.1070647Z         appmodules \
build_android	Compile C++ Kernels & Package Production Release APK	2026-06-01T16:27:22.1070898Z         react_codegen_safeareacontext
build_android	Compile C++ Kernels & Package Production Release APK	2026-06-01T16:27:22.1071341Z     from /home/runner/work/nhai-vedic-engine/nhai-vedic-engine/NhaiApp/android/app
build_android	Compile C++ Kernels & Package Production Release APK	2026-06-01T16:27:22.1071656Z 
build_android	Compile C++ Kernels & Package Production Release APK	2026-06-01T16:27:22.1071738Z * Try:
build_android	Compile C++ Kernels & Package Production Release APK	2026-06-01T16:27:22.1072033Z > Run with --stacktrace option to get the stack trace.
build_android	Compile C++ Kernels & Package Production Release APK	2026-06-01T16:27:22.1072454Z > Run with --info or --debug option to get more log output.
build_android	Compile C++ Kernels & Package Production Release APK	2026-06-01T16:27:22.1072836Z > Run with --scan to get full insights.
build_android	Compile C++ Kernels & Package Production Release APK	2026-06-01T16:27:22.1073191Z > Get more help at https://help.gradle.org.
build_android	Compile C++ Kernels & Package Production Release APK	2026-06-01T16:27:22.1073406Z 
build_android	Compile C++ Kernels & Package Production Release APK	2026-06-01T16:27:22.1073519Z BUILD FAILED in 6m 10s
build_android	Compile C++ Kernels & Package Production Release APK	2026-06-01T16:27:22.1074067Z Deprecated Gradle features were used in this build, making it incompatible with Gradle 9.0.
build_android	Compile C++ Kernels & Package Production Release APK	2026-06-01T16:27:22.1074420Z 
build_android	Compile C++ Kernels & Package Production Release APK	2026-06-01T16:27:22.1074962Z You can use '--warning-mode all' to show the individual deprecation warnings and determine if they come from your own scripts or plugins.
build_android	Compile C++ Kernels & Package Production Release APK	2026-06-01T16:27:22.1075453Z 
build_android	Compile C++ Kernels & Package Production Release APK	2026-06-01T16:27:22.1076282Z For more on this, please refer to https://docs.gradle.org/8.13/userguide/command_line_interface.html#sec:command_line_warnings in the Gradle documentation.
build_android	Compile C++ Kernels & Package Production Release APK	2026-06-01T16:27:22.1076999Z 52 actionable tasks: 52 executed
build_android	Compile C++ Kernels & Package Production Release APK	2026-06-01T16:27:22.5514942Z ##[error]Process completed with exit code 1.
